 Nanoparticle as external medium
 Medium polarization described by apparent charges
 Diagonal BEM furmulation
 This is a Classical BEM run
 This run just writes matrices and boundary
 Building surface from spheres.
 Number of spheres           2
 I_sphere  X     Y   Z   Radius
     1     94.4863      0.0000      0.0000     94.4863
     2    264.5616      0.0000      0.0000     47.2431
 Essential output written.
Done reading input, took     0.001s
 GEPOL-GB: COUNTING TESSERAE
 prima
 dopo
 prima
 dopo
 prima
 dopo
 prima
 dopo
 prima
 dopo
 prima
 dopo
 prima
 dopo
 prima
 dopo
 prima
 dopo
 prima
 dopo
 prima
 dopo
 prima
 dopo
 prima
 dopo
 prima
 dopo
 prima
 dopo
 prima
 dopo
 prima
 dopo
 prima
 dopo
 prima
 dopo
 prima
 dopo
 prima
 dopo
 prima
 dopo
 prima
 dopo
 prima
 dopo
 prima
 dopo
 prima
 dopo
 prima
 dopo
 prima
 dopo
 prima
 dopo
 prima
 dopo
 prima
 dopo
 prima
 dopo
 prima
 dopo
 prima
 dopo
 prima
 dopo
 prima
 dopo
 prima
 dopo
 prima
 dopo
 prima
 dopo
 prima
 dopo
 prima
 dopo
 prima
 dopo
 prima
 dopo
 prima
 dopo
 prima
 dopo
 prima
 dopo
 prima
 dopo
 prima
 dopo
 prima
 dopo
 prima
 dopo
 prima
 dopo
 prima
 dopo
 prima
 dopo
 prima
 dopo
 prima
 dopo
 prima
 dopo
 prima
 dopo
 prima
 dopo
 prima
 dopo
 prima
 dopo
 prima
 dopo
 prima
 dopo
 prima
 dopo
 prima
 dopo
 prima
 dopo
 prima
 dopo
 prima
 dopo
 prima
 dopo
 prima
 dopo
 prima
 dopo
 prima
 dopo
 prima
 dopo
 prima
 dopo
 prima
 dopo
 prima
 dopo
 prima
 dopo
 prima
 dopo
 prima
 dopo
 prima
 dopo
 prima
 dopo
 prima
 dopo
 prima
 dopo
 prima
 dopo
 prima
 dopo
 prima
 dopo
 prima
 dopo
 prima
 dopo
 prima
 dopo
 prima
 dopo
 prima
 dopo
 prima
 dopo
 prima
 dopo
 prima
 dopo
 prima
 dopo
 prima
 dopo
 prima
 dopo
 prima
 dopo
 prima
 dopo
 prima
 dopo
 prima
 dopo
 prima
 dopo
 prima
 dopo
 prima
 dopo
 prima
 dopo
 prima
 dopo
 prima
 dopo
 prima
 dopo
 prima
 dopo
 prima
 dopo
 prima
 dopo
 prima
 dopo
 prima
 dopo
 prima
 dopo
 prima
 dopo
 prima
 dopo
 prima
 dopo
 prima
 dopo
 prima
 dopo
 prima
 dopo
 prima
 dopo
 prima
 dopo
 prima
 dopo
 prima
 dopo
 prima
 dopo
 prima
 dopo
 prima
 dopo
 prima
 dopo
 prima
 dopo
 prima
 dopo
 prima
 dopo
 prima
 dopo
 prima
 dopo
 prima
 dopo
 prima
 dopo
 prima
 dopo
 prima
 dopo
 prima
 dopo
 prima
 dopo
 prima
 dopo
 prima
 dopo
 prima
 dopo
 prima
 dopo
 prima
 dopo
 prima
 dopo
 prima
 dopo
 prima
 dopo
 prima
 dopo
 prima
 dopo
 prima
 dopo
 prima
 dopo
 prima
 dopo
 prima
 dopo
 prima
 dopo
 prima
 dopo
 prima
 dopo
 prima
 dopo
 prima
 dopo
 prima
 dopo
 prima
 dopo
 prima
 dopo
 prima
 dopo
 prima
 dopo
 prima
 dopo
 prima
 dopo
 prima
 dopo
 prima
 dopo
 prima
 dopo
 prima
 dopo
 prima
 dopo
 prima
 dopo
 prima
 dopo
 prima
 dopo
 prima
 dopo
 prima
 dopo
 prima
 dopo
 prima
 dopo
 prima
 dopo
 prima
 dopo
 prima
 dopo
 prima
 dopo
 prima
 dopo
 prima
 dopo
 prima
 dopo
 prima
 dopo
 prima
 dopo
 prima
 dopo
 prima
 dopo
 prima
 dopo
 prima
 dopo
 prima
 dopo
 prima
 dopo
 prima
 dopo
 prima
 dopo
 prima
 dopo
 prima
 dopo
 prima
 dopo
 prima
 dopo
 prima
 dopo
 prima
 dopo
 prima
 dopo
 prima
 dopo
 prima
 dopo
 prima
 dopo
 prima
 dopo
 prima
 dopo
 prima
 dopo
 prima
 dopo
 prima
 dopo
 prima
 dopo
 prima
 dopo
 prima
 dopo
 prima
 dopo
 prima
 dopo
 prima
 dopo
 prima
 dopo
 prima
 dopo
 prima
 dopo
 prima
 dopo
 prima
 dopo
 prima
 dopo
 prima
 dopo
 prima
 dopo
 prima
 dopo
 prima
 dopo
 prima
 dopo
 prima
 dopo
 prima
 dopo
 prima
 dopo
 prima
 dopo
 prima
 dopo
 prima
 dopo
 prima
 dopo
 prima
 dopo
 prima
 dopo
 prima
 dopo
 prima
 dopo
 prima
 dopo
 prima
 dopo
 prima
 dopo
 prima
 dopo
 prima
 dopo
 prima
 dopo
 prima
 dopo
 prima
 dopo
 prima
 dopo
 prima
 dopo
 prima
 dopo
 prima
 dopo
 prima
 dopo
 prima
 dopo
 prima
 dopo
 prima
 dopo
 prima
 dopo
 prima
 dopo
 prima
 dopo
 prima
 dopo
 prima
 dopo
 prima
 dopo
 prima
 dopo
 prima
 dopo
 prima
 dopo
 prima
 dopo
 prima
 dopo
 prima
 dopo
 prima
 dopo
 prima
 dopo
 prima
 dopo
 prima
 dopo
 prima
 dopo
 prima
 dopo
 prima
 dopo
 prima
 dopo
 prima
 dopo
 prima
 dopo
 prima
 dopo
 prima
 dopo
 prima
 dopo
 prima
 dopo
 prima
 dopo
 prima
 dopo
 prima
 dopo
 prima
 dopo
 prima
 dopo
 prima
 dopo
 prima
 dopo
 prima
 dopo
 prima
 dopo
 prima
 dopo
 prima
 dopo
 prima
 dopo
 prima
 dopo
 prima
 dopo
 prima
 dopo
 prima
 dopo
 prima
 dopo
 prima
 dopo
 prima
 dopo
 prima
 dopo
 prima
 dopo
 prima
 dopo
 prima
 dopo
 prima
 dopo
 prima
 dopo
 prima
 dopo
 prima
 dopo
 prima
 dopo
 prima
 dopo
 prima
 dopo
 prima
 dopo
 prima
 dopo
 prima
 dopo
 prima
 dopo
 prima
 dopo
 prima
 dopo
 prima
 dopo
 prima
 dopo
 prima
 dopo
 prima
 dopo
 prima
 dopo
 prima
 dopo
 prima
 dopo
 prima
 dopo
 prima
 dopo
 prima
 dopo
 prima
 dopo
 prima
 dopo
 prima
 dopo
 prima
 dopo
 prima
 dopo
 prima
 dopo
 prima
 dopo
 prima
 dopo
 prima
 dopo
 prima
 dopo
 prima
 dopo
 prima
 dopo
 prima
 dopo
 prima
 dopo
 prima
 dopo
 prima
 dopo
 prima
 dopo
 prima
 dopo
 prima
 dopo
 prima
 dopo
 prima
 dopo
 prima
 dopo
 prima
 dopo
 prima
 dopo
 prima
 dopo
 prima
 dopo
 prima
 dopo
 prima
 dopo
 prima
 dopo
 prima
 dopo
 prima
 dopo
 prima
 dopo
 prima
 dopo
 prima
 dopo
 prima
 dopo
 prima
 dopo
 prima
 dopo
 prima
 dopo
 prima
 dopo
 prima
 dopo
 prima
 dopo
 prima
 dopo
 prima
 dopo
 prima
 dopo
 prima
 dopo
 prima
 dopo
 prima
 dopo
 prima
 dopo
 prima
 dopo
 prima
 dopo
 prima
 dopo
 prima
 dopo
 prima
 dopo
 prima
 dopo
 prima
 dopo
 prima
 dopo
 prima
 dopo
 prima
 dopo
 prima
 dopo
 prima
 dopo
 prima
 dopo
 prima
 dopo
 prima
 dopo
 prima
 dopo
 prima
 dopo
 prima
 dopo
 prima
 dopo
 prima
 dopo
 prima
 dopo
 prima
 dopo
 prima
 dopo
 prima
 dopo
 prima
 dopo
 prima
 dopo
 prima
 dopo
 prima
 dopo
 prima
 dopo
 prima
 dopo
 prima
 dopo
 prima
 dopo
 prima
 dopo
 prima
 dopo
 prima
 dopo
 prima
 dopo
 prima
 dopo
 prima
 dopo
 prima
 dopo
 prima
 dopo
 prima
 dopo
 prima
 dopo
 prima
 dopo
 prima
 dopo
 prima
 dopo
 prima
 dopo
 prima
 dopo
 prima
 dopo
 prima
 dopo
 prima
 dopo
 prima
 dopo
 prima
 dopo
 prima
 dopo
 prima
 dopo
 prima
 dopo
 prima
 dopo
 prima
 dopo
 prima
 dopo
 prima
 dopo
 prima
 dopo
 prima
 dopo
 prima
 dopo
 prima
 dopo
 prima
 dopo
 prima
 dopo
 prima
 dopo
 prima
 dopo
 prima
 dopo
 prima
 dopo
 prima
 dopo
 prima
 dopo
 prima
 dopo
 prima
 dopo
 prima
 dopo
 prima
 dopo
 prima
 dopo
 prima
 dopo
 prima
 dopo
 prima
 dopo
 prima
 dopo
 prima
 dopo
 prima
 dopo
 prima
 dopo
 prima
 dopo
 prima
 dopo
 prima
 dopo
 prima
 dopo
 prima
 dopo
 prima
 dopo
 prima
 dopo
 prima
 dopo
 prima
 dopo
 prima
 dopo
 prima
 dopo
 prima
 dopo
 prima
 dopo
 prima
 dopo
 prima
 dopo
 prima
 dopo
 prima
 dopo
 prima
 dopo
 prima
 dopo
 prima
 dopo
 prima
 dopo
 prima
 dopo
 prima
 dopo
 prima
 dopo
 prima
 dopo
 nts_act         480
 GEPOL-GB: GENERATING TESSERAE
 prima
 dopo
 prima
 dopo
 prima
 dopo
 prima
 dopo
 prima
 dopo
 prima
 dopo
 prima
 dopo
 prima
 dopo
 prima
 dopo
 prima
 dopo
 prima
 dopo
 prima
 dopo
 prima
 dopo
 prima
 dopo
 prima
 dopo
 prima
 dopo
 prima
 dopo
 prima
 dopo
 prima
 dopo
 prima
 dopo
 prima
 dopo
 prima
 dopo
 prima
 dopo
 prima
 dopo
 prima
 dopo
 prima
 dopo
 prima
 dopo
 prima
 dopo
 prima
 dopo
 prima
 dopo
 prima
 dopo
 prima
 dopo
 prima
 dopo
 prima
 dopo
 prima
 dopo
 prima
 dopo
 prima
 dopo
 prima
 dopo
 prima
 dopo
 prima
 dopo
 prima
 dopo
 prima
 dopo
 prima
 dopo
 prima
 dopo
 prima
 dopo
 prima
 dopo
 prima
 dopo
 prima
 dopo
 prima
 dopo
 prima
 dopo
 prima
 dopo
 prima
 dopo
 prima
 dopo
 prima
 dopo
 prima
 dopo
 prima
 dopo
 prima
 dopo
 prima
 dopo
 prima
 dopo
 prima
 dopo
 prima
 dopo
 prima
 dopo
 prima
 dopo
 prima
 dopo
 prima
 dopo
 prima
 dopo
 prima
 dopo
 prima
 dopo
 prima
 dopo
 prima
 dopo
 prima
 dopo
 prima
 dopo
 prima
 dopo
 prima
 dopo
 prima
 dopo
 prima
 dopo
 prima
 dopo
 prima
 dopo
 prima
 dopo
 prima
 dopo
 prima
 dopo
 prima
 dopo
 prima
 dopo
 prima
 dopo
 prima
 dopo
 prima
 dopo
 prima
 dopo
 prima
 dopo
 prima
 dopo
 prima
 dopo
 prima
 dopo
 prima
 dopo
 prima
 dopo
 prima
 dopo
 prima
 dopo
 prima
 dopo
 prima
 dopo
 prima
 dopo
 prima
 dopo
 prima
 dopo
 prima
 dopo
 prima
 dopo
 prima
 dopo
 prima
 dopo
 prima
 dopo
 prima
 dopo
 prima
 dopo
 prima
 dopo
 prima
 dopo
 prima
 dopo
 prima
 dopo
 prima
 dopo
 prima
 dopo
 prima
 dopo
 prima
 dopo
 prima
 dopo
 prima
 dopo
 prima
 dopo
 prima
 dopo
 prima
 dopo
 prima
 dopo
 prima
 dopo
 prima
 dopo
 prima
 dopo
 prima
 dopo
 prima
 dopo
 prima
 dopo
 prima
 dopo
 prima
 dopo
 prima
 dopo
 prima
 dopo
 prima
 dopo
 prima
 dopo
 prima
 dopo
 prima
 dopo
 prima
 dopo
 prima
 dopo
 prima
 dopo
 prima
 dopo
 prima
 dopo
 prima
 dopo
 prima
 dopo
 prima
 dopo
 prima
 dopo
 prima
 dopo
 prima
 dopo
 prima
 dopo
 prima
 dopo
 prima
 dopo
 prima
 dopo
 prima
 dopo
 prima
 dopo
 prima
 dopo
 prima
 dopo
 prima
 dopo
 prima
 dopo
 prima
 dopo
 prima
 dopo
 prima
 dopo
 prima
 dopo
 prima
 dopo
 prima
 dopo
 prima
 dopo
 prima
 dopo
 prima
 dopo
 prima
 dopo
 prima
 dopo
 prima
 dopo
 prima
 dopo
 prima
 dopo
 prima
 dopo
 prima
 dopo
 prima
 dopo
 prima
 dopo
 prima
 dopo
 prima
 dopo
 prima
 dopo
 prima
 dopo
 prima
 dopo
 prima
 dopo
 prima
 dopo
 prima
 dopo
 prima
 dopo
 prima
 dopo
 prima
 dopo
 prima
 dopo
 prima
 dopo
 prima
 dopo
 prima
 dopo
 prima
 dopo
 prima
 dopo
 prima
 dopo
 prima
 dopo
 prima
 dopo
 prima
 dopo
 prima
 dopo
 prima
 dopo
 prima
 dopo
 prima
 dopo
 prima
 dopo
 prima
 dopo
 prima
 dopo
 prima
 dopo
 prima
 dopo
 prima
 dopo
 prima
 dopo
 prima
 dopo
 prima
 dopo
 prima
 dopo
 prima
 dopo
 prima
 dopo
 prima
 dopo
 prima
 dopo
 prima
 dopo
 prima
 dopo
 prima
 dopo
 prima
 dopo
 prima
 dopo
 prima
 dopo
 prima
 dopo
 prima
 dopo
 prima
 dopo
 prima
 dopo
 prima
 dopo
 prima
 dopo
 prima
 dopo
 prima
 dopo
 prima
 dopo
 prima
 dopo
 prima
 dopo
 prima
 dopo
 prima
 dopo
 prima
 dopo
 prima
 dopo
 prima
 dopo
 prima
 dopo
 prima
 dopo
 prima
 dopo
 prima
 dopo
 prima
 dopo
 prima
 dopo
 prima
 dopo
 prima
 dopo
 prima
 dopo
 prima
 dopo
 prima
 dopo
 prima
 dopo
 prima
 dopo
 prima
 dopo
 prima
 dopo
 prima
 dopo
 prima
 dopo
 prima
 dopo
 prima
 dopo
 prima
 dopo
 prima
 dopo
 prima
 dopo
 prima
 dopo
 prima
 dopo
 prima
 dopo
 prima
 dopo
 prima
 dopo
 prima
 dopo
 prima
 dopo
 prima
 dopo
 prima
 dopo
 prima
 dopo
 prima
 dopo
 prima
 dopo
 prima
 dopo
 prima
 dopo
 prima
 dopo
 prima
 dopo
 prima
 dopo
 prima
 dopo
 prima
 dopo
 prima
 dopo
 prima
 dopo
 prima
 dopo
 prima
 dopo
 prima
 dopo
 prima
 dopo
 prima
 dopo
 prima
 dopo
 prima
 dopo
 prima
 dopo
 prima
 dopo
 prima
 dopo
 prima
 dopo
 prima
 dopo
 prima
 dopo
 prima
 dopo
 prima
 dopo
 prima
 dopo
 prima
 dopo
 prima
 dopo
 prima
 dopo
 prima
 dopo
 prima
 dopo
 prima
 dopo
 prima
 dopo
 prima
 dopo
 prima
 dopo
 prima
 dopo
 prima
 dopo
 prima
 dopo
 prima
 dopo
 prima
 dopo
 prima
 dopo
 prima
 dopo
 prima
 dopo
 prima
 dopo
 prima
 dopo
 prima
 dopo
 prima
 dopo
 prima
 dopo
 prima
 dopo
 prima
 dopo
 prima
 dopo
 prima
 dopo
 prima
 dopo
 prima
 dopo
 prima
 dopo
 prima
 dopo
 prima
 dopo
 prima
 dopo
 prima
 dopo
 prima
 dopo
 prima
 dopo
 prima
 dopo
 prima
 dopo
 prima
 dopo
 prima
 dopo
 prima
 dopo
 prima
 dopo
 prima
 dopo
 prima
 dopo
 prima
 dopo
 prima
 dopo
 prima
 dopo
 prima
 dopo
 prima
 dopo
 prima
 dopo
 prima
 dopo
 prima
 dopo
 prima
 dopo
 prima
 dopo
 prima
 dopo
 prima
 dopo
 prima
 dopo
 prima
 dopo
 prima
 dopo
 prima
 dopo
 prima
 dopo
 prima
 dopo
 prima
 dopo
 prima
 dopo
 prima
 dopo
 prima
 dopo
 prima
 dopo
 prima
 dopo
 prima
 dopo
 prima
 dopo
 prima
 dopo
 prima
 dopo
 prima
 dopo
 prima
 dopo
 prima
 dopo
 prima
 dopo
 prima
 dopo
 prima
 dopo
 prima
 dopo
 prima
 dopo
 prima
 dopo
 prima
 dopo
 prima
 dopo
 prima
 dopo
 prima
 dopo
 prima
 dopo
 prima
 dopo
 prima
 dopo
 prima
 dopo
 prima
 dopo
 prima
 dopo
 prima
 dopo
 prima
 dopo
 prima
 dopo
 prima
 dopo
 prima
 dopo
 prima
 dopo
 prima
 dopo
 prima
 dopo
 prima
 dopo
 prima
 dopo
 prima
 dopo
 prima
 dopo
 prima
 dopo
 prima
 dopo
 prima
 dopo
 prima
 dopo
 prima
 dopo
 prima
 dopo
 prima
 dopo
 prima
 dopo
 prima
 dopo
 prima
 dopo
 prima
 dopo
 prima
 dopo
 prima
 dopo
 prima
 dopo
 prima
 dopo
 prima
 dopo
 prima
 dopo
 prima
 dopo
 prima
 dopo
 prima
 dopo
 prima
 dopo
 prima
 dopo
 prima
 dopo
 prima
 dopo
 prima
 dopo
 prima
 dopo
 prima
 dopo
 prima
 dopo
 prima
 dopo
 prima
 dopo
 prima
 dopo
 prima
 dopo
 prima
 dopo
 prima
 dopo
 prima
 dopo
 prima
 dopo
 prima
 dopo
 prima
 dopo
 prima
 dopo
 prima
 dopo
 prima
 dopo
 prima
 dopo
 prima
 dopo
 prima
 dopo
 prima
 dopo
 prima
 dopo
 prima
 dopo
 prima
 dopo
 prima
 dopo
 prima
 dopo
 prima
 dopo
 prima
 dopo
 prima
 dopo
 prima
 dopo
 prima
 dopo
 prima
 dopo
 prima
 dopo
 prima
 dopo
 prima
 dopo
 prima
 dopo
 prima
 dopo
 prima
 dopo
 prima
 dopo
 prima
 dopo
 prima
 dopo
 prima
 dopo
 prima
 dopo
 prima
 dopo
 prima
 dopo
 prima
 dopo
 prima
 dopo
 prima
 dopo
 prima
 dopo
 prima
 dopo
 prima
 dopo
 prima
 dopo
 prima
 dopo
 prima
 dopo
 prima
 dopo
 prima
 dopo
 prima
 dopo
 prima
 dopo
 prima
 dopo
 prima
 dopo

 TOTAL NUMBER OF SPHERES=    2
 SPHERE             CENTER  (X,Y,Z) (A)               RADIUS (A)      AREA(A*A)
   1   50.000000000    0.000000000    0.000000000   50.000000000
   2  140.000000000    0.000000000    0.000000000   25.000000000

 TOTAL NUMBER OF TESSERAE=     480
 SURFACE AREA=      39269.90816987(A**2)    CAVITY VOLUME=     589048.62254927 (A**3)
 nts_act         480
 Created output file with surface points
 Matrixes S D have been written out
